I'm sorry, but errors were detected in your script. Please correct the
errors listed below, and try again.


File "game/scripts/gui/lootboxes.rpy", line 166: 'size' is not a keyword argument or valid child of the fixed statement.
    size (LOOTBOX_WIDTH, LOOTBOX_HEIGHT)
        ^

Ren'Py Version: Ren'Py 8.3.0.24082114
Thu Mar  5 23:19:48 2026
